<?xml version="1.0"?>
<link_info>
   <banner>TI ARM Linker PC v5.2.4</banner>
   <copyright>Copyright (c) 1996-2015 Texas Instruments Incorporated</copyright>
   <link_time>0x55a2d025</link_time>
   <link_errors>0x0</link_errors>
   <output_file>DisplayTests.out</output_file>
   <entry_point>
      <name>_c_int00</name>
      <address>0x2000717d</address>
   </entry_point>
   <input_file_list>
      <input_file id="fl-2">
         <path>.\</path>
         <kind>object</kind>
         <file>display.obj</file>
         <name>display.obj</name>
      </input_file>
      <input_file id="fl-3">
         <path>.\</path>
         <kind>object</kind>
         <file>main.obj</file>
         <name>main.obj</name>
      </input_file>
      <input_file id="fl-4">
         <path>.\</path>
         <kind>object</kind>
         <file>pin_mux_config.obj</file>
         <name>pin_mux_config.obj</name>
      </input_file>
      <input_file id="fl-5">
         <path>.\</path>
         <kind>object</kind>
         <file>uart_if.obj</file>
         <name>uart_if.obj</name>
      </input_file>
      <input_file id="fl-12c">
         <path>D:\Development\TI\ccsv6\tools\compiler\ti-cgt-arm_5.2.4\lib\</path>
         <kind>archive</kind>
         <file>rtsv7M4_T_le_eabi.lib</file>
         <name>boot.obj</name>
      </input_file>
      <input_file id="fl-12d">
         <path>D:\Development\TI\ccsv6\tools\compiler\ti-cgt-arm_5.2.4\lib\</path>
         <kind>archive</kind>
         <file>rtsv7M4_T_le_eabi.lib</file>
         <name>copy_decompress_none.obj</name>
      </input_file>
      <input_file id="fl-12e">
         <path>D:\Development\TI\ccsv6\tools\compiler\ti-cgt-arm_5.2.4\lib\</path>
         <kind>archive</kind>
         <file>rtsv7M4_T_le_eabi.lib</file>
         <name>copy_decompress_rle.obj</name>
      </input_file>
      <input_file id="fl-12f">
         <path>D:\Development\TI\ccsv6\tools\compiler\ti-cgt-arm_5.2.4\lib\</path>
         <kind>archive</kind>
         <file>rtsv7M4_T_le_eabi.lib</file>
         <name>copy_zero_init.obj</name>
      </input_file>
      <input_file id="fl-130">
         <path>D:\Development\TI\ccsv6\tools\compiler\ti-cgt-arm_5.2.4\lib\</path>
         <kind>archive</kind>
         <file>rtsv7M4_T_le_eabi.lib</file>
         <name>exit.obj</name>
      </input_file>
      <input_file id="fl-131">
         <path>D:\Development\TI\ccsv6\tools\compiler\ti-cgt-arm_5.2.4\lib\</path>
         <kind>archive</kind>
         <file>rtsv7M4_T_le_eabi.lib</file>
         <name>memcpy_t2.obj</name>
      </input_file>
      <input_file id="fl-132">
         <path>D:\Development\TI\ccsv6\tools\compiler\ti-cgt-arm_5.2.4\lib\</path>
         <kind>archive</kind>
         <file>rtsv7M4_T_le_eabi.lib</file>
         <name>memmov.obj</name>
      </input_file>
      <input_file id="fl-133">
         <path>D:\Development\TI\ccsv6\tools\compiler\ti-cgt-arm_5.2.4\lib\</path>
         <kind>archive</kind>
         <file>rtsv7M4_T_le_eabi.lib</file>
         <name>memory.obj</name>
      </input_file>
      <input_file id="fl-134">
         <path>D:\Development\TI\ccsv6\tools\compiler\ti-cgt-arm_5.2.4\lib\</path>
         <kind>archive</kind>
         <file>rtsv7M4_T_le_eabi.lib</file>
         <name>memset_t2.obj</name>
      </input_file>
      <input_file id="fl-135">
         <path>D:\Development\TI\ccsv6\tools\compiler\ti-cgt-arm_5.2.4\lib\</path>
         <kind>archive</kind>
         <file>rtsv7M4_T_le_eabi.lib</file>
         <name>pre_init.obj</name>
      </input_file>
      <input_file id="fl-136">
         <path>D:\Development\TI\ccsv6\tools\compiler\ti-cgt-arm_5.2.4\lib\</path>
         <kind>archive</kind>
         <file>rtsv7M4_T_le_eabi.lib</file>
         <name>stkdepth_vars.obj</name>
      </input_file>
      <input_file id="fl-137">
         <path>D:\Development\TI\ccsv6\tools\compiler\ti-cgt-arm_5.2.4\lib\</path>
         <kind>archive</kind>
         <file>rtsv7M4_T_le_eabi.lib</file>
         <name>strlen.obj</name>
      </input_file>
      <input_file id="fl-138">
         <path>D:\Development\TI\ccsv6\tools\compiler\ti-cgt-arm_5.2.4\lib\</path>
         <kind>archive</kind>
         <file>rtsv7M4_T_le_eabi.lib</file>
         <name>vsnprintf.obj</name>
      </input_file>
      <input_file id="fl-139">
         <path>D:\Development\TI\ccsv6\tools\compiler\ti-cgt-arm_5.2.4\lib\</path>
         <kind>archive</kind>
         <file>rtsv7M4_T_le_eabi.lib</file>
         <name>_lock.obj</name>
      </input_file>
      <input_file id="fl-13a">
         <path>D:\Development\TI\ccsv6\tools\compiler\ti-cgt-arm_5.2.4\lib\</path>
         <kind>archive</kind>
         <file>rtsv7M4_T_le_eabi.lib</file>
         <name>_printfi.obj</name>
      </input_file>
      <input_file id="fl-13b">
         <path>D:\Development\TI\ccsv6\tools\compiler\ti-cgt-arm_5.2.4\lib\</path>
         <kind>archive</kind>
         <file>rtsv7M4_T_le_eabi.lib</file>
         <name>args_main.obj</name>
      </input_file>
      <input_file id="fl-13c">
         <path>D:\Development\TI\ccsv6\tools\compiler\ti-cgt-arm_5.2.4\lib\</path>
         <kind>archive</kind>
         <file>rtsv7M4_T_le_eabi.lib</file>
         <name>atoi.obj</name>
      </input_file>
      <input_file id="fl-13d">
         <path>D:\Development\TI\ccsv6\tools\compiler\ti-cgt-arm_5.2.4\lib\</path>
         <kind>archive</kind>
         <file>rtsv7M4_T_le_eabi.lib</file>
         <name>autoinit.obj</name>
      </input_file>
      <input_file id="fl-13e">
         <path>D:\Development\TI\ccsv6\tools\compiler\ti-cgt-arm_5.2.4\lib\</path>
         <kind>archive</kind>
         <file>rtsv7M4_T_le_eabi.lib</file>
         <name>cpy_tbl.obj</name>
      </input_file>
      <input_file id="fl-13f">
         <path>D:\Development\TI\ccsv6\tools\compiler\ti-cgt-arm_5.2.4\lib\</path>
         <kind>archive</kind>
         <file>rtsv7M4_T_le_eabi.lib</file>
         <name>ctype.obj</name>
      </input_file>
      <input_file id="fl-140">
         <path>D:\Development\TI\ccsv6\tools\compiler\ti-cgt-arm_5.2.4\lib\</path>
         <kind>archive</kind>
         <file>rtsv7M4_T_le_eabi.lib</file>
         <name>fd_add_t2.obj</name>
      </input_file>
      <input_file id="fl-141">
         <path>D:\Development\TI\ccsv6\tools\compiler\ti-cgt-arm_5.2.4\lib\</path>
         <kind>archive</kind>
         <file>rtsv7M4_T_le_eabi.lib</file>
         <name>fd_cmp_t2.obj</name>
      </input_file>
      <input_file id="fl-142">
         <path>D:\Development\TI\ccsv6\tools\compiler\ti-cgt-arm_5.2.4\lib\</path>
         <kind>archive</kind>
         <file>rtsv7M4_T_le_eabi.lib</file>
         <name>fd_div_t2.obj</name>
      </input_file>
      <input_file id="fl-143">
         <path>D:\Development\TI\ccsv6\tools\compiler\ti-cgt-arm_5.2.4\lib\</path>
         <kind>archive</kind>
         <file>rtsv7M4_T_le_eabi.lib</file>
         <name>fd_mul_t2.obj</name>
      </input_file>
      <input_file id="fl-144">
         <path>D:\Development\TI\ccsv6\tools\compiler\ti-cgt-arm_5.2.4\lib\</path>
         <kind>archive</kind>
         <file>rtsv7M4_T_le_eabi.lib</file>
         <name>fd_toi_t2.obj</name>
      </input_file>
      <input_file id="fl-145">
         <path>D:\Development\TI\ccsv6\tools\compiler\ti-cgt-arm_5.2.4\lib\</path>
         <kind>archive</kind>
         <file>rtsv7M4_T_le_eabi.lib</file>
         <name>frexp.obj</name>
      </input_file>
      <input_file id="fl-146">
         <path>D:\Development\TI\ccsv6\tools\compiler\ti-cgt-arm_5.2.4\lib\</path>
         <kind>archive</kind>
         <file>rtsv7M4_T_le_eabi.lib</file>
         <name>i_tofd_t2.obj</name>
      </input_file>
      <input_file id="fl-147">
         <path>D:\Development\TI\ccsv6\tools\compiler\ti-cgt-arm_5.2.4\lib\</path>
         <kind>archive</kind>
         <file>rtsv7M4_T_le_eabi.lib</file>
         <name>ldexp.obj</name>
      </input_file>
      <input_file id="fl-148">
         <path>D:\Development\TI\ccsv6\tools\compiler\ti-cgt-arm_5.2.4\lib\</path>
         <kind>archive</kind>
         <file>rtsv7M4_T_le_eabi.lib</file>
         <name>ltoa.obj</name>
      </input_file>
      <input_file id="fl-149">
         <path>D:\Development\TI\ccsv6\tools\compiler\ti-cgt-arm_5.2.4\lib\</path>
         <kind>archive</kind>
         <file>rtsv7M4_T_le_eabi.lib</file>
         <name>memccpy.obj</name>
      </input_file>
      <input_file id="fl-14a">
         <path>D:\Development\TI\ccsv6\tools\compiler\ti-cgt-arm_5.2.4\lib\</path>
         <kind>archive</kind>
         <file>rtsv7M4_T_le_eabi.lib</file>
         <name>strchr.obj</name>
      </input_file>
      <input_file id="fl-14b">
         <path>D:\Development\TI\ccsv6\tools\compiler\ti-cgt-arm_5.2.4\lib\</path>
         <kind>archive</kind>
         <file>rtsv7M4_T_le_eabi.lib</file>
         <name>ull_div_t2.obj</name>
      </input_file>
      <input_file id="fl-14c">
         <path>D:\Development\TI\ccsv6\tools\compiler\ti-cgt-arm_5.2.4\lib\</path>
         <kind>archive</kind>
         <file>rtsv7M4_T_le_eabi.lib</file>
         <name>xdclass.obj</name>
      </input_file>
      <input_file id="fl-14d">
         <path>D:\Development\TI\ccsv6\tools\compiler\ti-cgt-arm_5.2.4\lib\</path>
         <kind>archive</kind>
         <file>rtsv7M4_T_le_eabi.lib</file>
         <name>xdscale.obj</name>
      </input_file>
      <input_file id="fl-14e">
         <path>D:\Development\TI\ccsv6\tools\compiler\ti-cgt-arm_5.2.4\lib\</path>
         <kind>archive</kind>
         <file>rtsv7M4_T_le_eabi.lib</file>
         <name>xdunscal.obj</name>
      </input_file>
      <input_file id="fl-14f">
         <path>D:\Development\TI\ccsv6\tools\compiler\ti-cgt-arm_5.2.4\lib\</path>
         <kind>archive</kind>
         <file>rtsv7M4_T_le_eabi.lib</file>
         <name>xferaise.obj</name>
      </input_file>
      <input_file id="fl-150">
         <path>D:\Development\TI\ccsv6\tools\compiler\ti-cgt-arm_5.2.4\lib\</path>
         <kind>archive</kind>
         <file>rtsv7M4_T_le_eabi.lib</file>
         <name>xvalues.obj</name>
      </input_file>
      <input_file id="fl-151">
         <path>D:\Development\TI\ccsv6\tools\compiler\ti-cgt-arm_5.2.4\lib\</path>
         <kind>archive</kind>
         <file>rtsv7M4_T_le_eabi.lib</file>
         <name>errno.obj</name>
      </input_file>
      <input_file id="fl-152">
         <path>D:\Development\TI\ccsv6\tools\compiler\ti-cgt-arm_5.2.4\lib\</path>
         <kind>archive</kind>
         <file>rtsv7M4_T_le_eabi.lib</file>
         <name>feraiseexcept.obj</name>
      </input_file>
      <input_file id="fl-153">
         <path>D:\Development\TI\ccsv6\tools\compiler\ti-cgt-arm_5.2.4\lib\</path>
         <kind>archive</kind>
         <file>rtsv7M4_T_le_eabi.lib</file>
         <name>raise.obj</name>
      </input_file>
      <input_file id="fl-154">
         <path>D:\Development\TI\ccsv6\tools\compiler\ti-cgt-arm_5.2.4\lib\</path>
         <kind>archive</kind>
         <file>rtsv7M4_T_le_eabi.lib</file>
         <name>signal.obj</name>
      </input_file>
      <input_file id="fl-155">
         <path>D:\Development\TI\ccsv6\tools\compiler\ti-cgt-arm_5.2.4\lib\</path>
         <kind>archive</kind>
         <file>rtsv7M4_T_le_eabi.lib</file>
         <name>xdnorm.obj</name>
      </input_file>
      <input_file id="fl-156">
         <path>D:\Development\TI\CC3200SDK_1.1.0\cc3200-sdk\driverlib\ccs\Release\</path>
         <kind>archive</kind>
         <file>driverlib.a</file>
         <name>gpio.obj</name>
      </input_file>
      <input_file id="fl-157">
         <path>D:\Development\TI\CC3200SDK_1.1.0\cc3200-sdk\driverlib\ccs\Release\</path>
         <kind>archive</kind>
         <file>driverlib.a</file>
         <name>interrupt.obj</name>
      </input_file>
      <input_file id="fl-158">
         <path>D:\Development\TI\CC3200SDK_1.1.0\cc3200-sdk\driverlib\ccs\Release\</path>
         <kind>archive</kind>
         <file>driverlib.a</file>
         <name>pin.obj</name>
      </input_file>
      <input_file id="fl-159">
         <path>D:\Development\TI\CC3200SDK_1.1.0\cc3200-sdk\driverlib\ccs\Release\</path>
         <kind>archive</kind>
         <file>driverlib.a</file>
         <name>prcm.obj</name>
      </input_file>
      <input_file id="fl-15a">
         <path>D:\Development\TI\CC3200SDK_1.1.0\cc3200-sdk\driverlib\ccs\Release\</path>
         <kind>archive</kind>
         <file>driverlib.a</file>
         <name>uart.obj</name>
      </input_file>
      <input_file id="fl-15b">
         <path>D:\Development\TI\CC3200SDK_1.1.0\cc3200-sdk\driverlib\ccs\Release\</path>
         <kind>archive</kind>
         <file>driverlib.a</file>
         <name>utils.obj</name>
      </input_file>
      <input_file id="fl-15c">
         <path>D:\Development\TI\CC3200SDK_1.1.0\cc3200-sdk\driverlib\ccs\Release\</path>
         <kind>archive</kind>
         <file>driverlib.a</file>
         <name>cpu.obj</name>
      </input_file>
      <input_file id="fl-15d">
         <path>D:\Development\TI\CC3200SDK_1.1.0\cc3200-sdk\driverlib\ccs\Release\</path>
         <kind>archive</kind>
         <file>driverlib.a</file>
         <name>flash.obj</name>
      </input_file>
   </input_file_list>
   <object_component_list>
      <object_component id="oc-1c4">
         <name>.text</name>
         <load_address>0x20004000</load_address>
         <run_address>0x20004000</run_address>
         <size>0x10a6</size>
         <input_file_ref idref="fl-13a"/>
      </object_component>
      <object_component id="oc-db">
         <name>.text</name>
         <load_address>0x200050a8</load_address>
         <run_address>0x200050a8</run_address>
         <size>0x70c</size>
         <input_file_ref idref="fl-2"/>
      </object_component>
      <object_component id="oc-177">
         <name>.text</name>
         <load_address>0x200057b4</load_address>
         <run_address>0x200057b4</run_address>
         <size>0x3dc</size>
         <input_file_ref idref="fl-133"/>
      </object_component>
      <object_component id="oc-d5">
         <name>.text</name>
         <load_address>0x20005b90</load_address>
         <run_address>0x20005b90</run_address>
         <size>0x280</size>
         <input_file_ref idref="fl-5"/>
      </object_component>
      <object_component id="oc-1fd">
         <name>.text</name>
         <load_address>0x20005e10</load_address>
         <run_address>0x20005e10</run_address>
         <size>0x1f4</size>
         <input_file_ref idref="fl-14b"/>
      </object_component>
      <object_component id="oc-226">
         <name>.text</name>
         <load_address>0x20006004</load_address>
         <run_address>0x20006004</run_address>
         <size>0x1b6</size>
         <input_file_ref idref="fl-140"/>
      </object_component>
      <object_component id="oc-cf">
         <name>.text</name>
         <load_address>0x200061bc</load_address>
         <run_address>0x200061bc</run_address>
         <size>0x190</size>
         <input_file_ref idref="fl-4"/>
      </object_component>
      <object_component id="oc-20c">
         <name>.text</name>
         <load_address>0x2000634c</load_address>
         <run_address>0x2000634c</run_address>
         <size>0x136</size>
         <input_file_ref idref="fl-142"/>
      </object_component>
      <object_component id="oc-c9">
         <name>.text:PRCMCC3200MCUInit</name>
         <load_address>0x20006484</load_address>
         <run_address>0x20006484</run_address>
         <size>0x134</size>
         <input_file_ref idref="fl-159"/>
      </object_component>
      <object_component id="oc-278">
         <name>.text</name>
         <load_address>0x200065b8</load_address>
         <run_address>0x200065b8</run_address>
         <size>0x110</size>
         <input_file_ref idref="fl-14d"/>
      </object_component>
      <object_component id="oc-207">
         <name>.text</name>
         <load_address>0x200066c8</load_address>
         <run_address>0x200066c8</run_address>
         <size>0xfc</size>
         <input_file_ref idref="fl-143"/>
      </object_component>
      <object_component id="oc-29c">
         <name>.text</name>
         <load_address>0x200067c4</load_address>
         <run_address>0x200067c4</run_address>
         <size>0xbe</size>
         <input_file_ref idref="fl-155"/>
      </object_component>
      <object_component id="oc-c3">
         <name>.text:IntEnable</name>
         <load_address>0x20006884</load_address>
         <run_address>0x20006884</run_address>
         <size>0xa8</size>
         <input_file_ref idref="fl-157"/>
      </object_component>
      <object_component id="oc-2a">
         <name>.text</name>
         <load_address>0x2000692c</load_address>
         <run_address>0x2000692c</run_address>
         <size>0x9c</size>
         <input_file_ref idref="fl-131"/>
      </object_component>
      <object_component id="oc-147">
         <name>.text:PRCMPeripheralClockGet</name>
         <load_address>0x200069c8</load_address>
         <run_address>0x200069c8</run_address>
         <size>0x94</size>
         <input_file_ref idref="fl-159"/>
      </object_component>
      <object_component id="oc-1a6">
         <name>.text:PinConfigSet</name>
         <load_address>0x20006a5c</load_address>
         <run_address>0x20006a5c</run_address>
         <size>0x88</size>
         <input_file_ref idref="fl-158"/>
      </object_component>
      <object_component id="oc-159">
         <name>.text</name>
         <load_address>0x20006ae4</load_address>
         <run_address>0x20006ae4</run_address>
         <size>0x88</size>
         <input_file_ref idref="fl-138"/>
      </object_component>
      <object_component id="oc-202">
         <name>.text:__aeabi_cdcmple</name>
         <load_address>0x20006b6c</load_address>
         <run_address>0x20006b6c</run_address>
         <size>0x86</size>
         <input_file_ref idref="fl-141"/>
      </object_component>
      <object_component id="oc-211">
         <name>.text:__aeabi_cdrcmple</name>
         <load_address>0x20006bf2</load_address>
         <run_address>0x20006bf2</run_address>
         <size>0x86</size>
         <input_file_ref idref="fl-141"/>
      </object_component>
      <object_component id="oc-43">
         <name>.text</name>
         <load_address>0x20006c78</load_address>
         <run_address>0x20006c78</run_address>
         <size>0x7a</size>
         <input_file_ref idref="fl-134"/>
      </object_component>
      <object_component id="oc-14d">
         <name>.text:UARTConfigSetExpClk</name>
         <load_address>0x20006cf2</load_address>
         <run_address>0x20006cf2</run_address>
         <size>0x76</size>
         <input_file_ref idref="fl-15a"/>
      </object_component>
      <object_component id="oc-55">
         <name>.text</name>
         <load_address>0x20006d68</load_address>
         <run_address>0x20006d68</run_address>
         <size>0x6c</size>
         <input_file_ref idref="fl-13d"/>
      </object_component>
      <object_component id="oc-36">
         <name>.text</name>
         <load_address>0x20006dd4</load_address>
         <run_address>0x20006dd4</run_address>
         <size>0x6a</size>
         <input_file_ref idref="fl-12e"/>
      </object_component>
      <object_component id="oc-270">
         <name>.text</name>
         <load_address>0x20006e3e</load_address>
         <run_address>0x20006e3e</run_address>
         <size>0x66</size>
         <input_file_ref idref="fl-14e"/>
      </object_component>
      <object_component id="oc-121">
         <name>.text:PRCMPeripheralReset</name>
         <load_address>0x20006ea4</load_address>
         <run_address>0x20006ea4</run_address>
         <size>0x58</size>
         <input_file_ref idref="fl-159"/>
      </object_component>
      <object_component id="oc-21b">
         <name>.text</name>
         <load_address>0x20006efc</load_address>
         <run_address>0x20006efc</run_address>
         <size>0x56</size>
         <input_file_ref idref="fl-148"/>
      </object_component>
      <object_component id="oc-249">
         <name>.text</name>
         <load_address>0x20006f54</load_address>
         <run_address>0x20006f54</run_address>
         <size>0x4c</size>
         <input_file_ref idref="fl-13c"/>
      </object_component>
      <object_component id="oc-88">
         <name>.text</name>
         <load_address>0x20006fa0</load_address>
         <run_address>0x20006fa0</run_address>
         <size>0x4c</size>
         <input_file_ref idref="fl-13e"/>
      </object_component>
      <object_component id="oc-216">
         <name>.text</name>
         <load_address>0x20006fec</load_address>
         <run_address>0x20006fec</run_address>
         <size>0x48</size>
         <input_file_ref idref="fl-144"/>
      </object_component>
      <object_component id="oc-231">
         <name>.text</name>
         <load_address>0x20007034</load_address>
         <run_address>0x20007034</run_address>
         <size>0x46</size>
         <input_file_ref idref="fl-147"/>
      </object_component>
      <object_component id="oc-61">
         <name>.text</name>
         <load_address>0x2000707c</load_address>
         <run_address>0x2000707c</run_address>
         <size>0x44</size>
         <input_file_ref idref="fl-130"/>
      </object_component>
      <object_component id="oc-1ac">
         <name>.text:PinModeSet</name>
         <load_address>0x200070c0</load_address>
         <run_address>0x200070c0</run_address>
         <size>0x40</size>
         <input_file_ref idref="fl-158"/>
      </object_component>
      <object_component id="oc-2df">
         <name>.text</name>
         <load_address>0x20007100</load_address>
         <run_address>0x20007100</run_address>
         <size>0x40</size>
         <input_file_ref idref="fl-154"/>
      </object_component>
      <object_component id="oc-11b">
         <name>.text:PRCMPeripheralClkEnable</name>
         <load_address>0x20007140</load_address>
         <run_address>0x20007140</run_address>
         <size>0x3c</size>
         <input_file_ref idref="fl-159"/>
      </object_component>
      <object_component id="oc-21">
         <name>.text</name>
         <load_address>0x2000717c</load_address>
         <run_address>0x2000717c</run_address>
         <size>0x3c</size>
         <input_file_ref idref="fl-12c"/>
      </object_component>
      <object_component id="oc-13a">
         <name>.text:GPIODirModeSet</name>
         <load_address>0x200071b8</load_address>
         <run_address>0x200071b8</run_address>
         <size>0x36</size>
         <input_file_ref idref="fl-156"/>
      </object_component>
      <object_component id="oc-2ab">
         <name>.text</name>
         <load_address>0x200071f0</load_address>
         <run_address>0x200071f0</run_address>
         <size>0x34</size>
         <input_file_ref idref="fl-152"/>
      </object_component>
      <object_component id="oc-90">
         <name>.text</name>
         <load_address>0x20007224</load_address>
         <run_address>0x20007224</run_address>
         <size>0x32</size>
         <input_file_ref idref="fl-3"/>
      </object_component>
      <object_component id="oc-134">
         <name>.text:PinTypeGPIO</name>
         <load_address>0x20007256</load_address>
         <run_address>0x20007256</run_address>
         <size>0x30</size>
         <input_file_ref idref="fl-158"/>
      </object_component>
      <object_component id="oc-1b6">
         <name>.text:UARTDisable</name>
         <load_address>0x20007288</load_address>
         <run_address>0x20007288</run_address>
         <size>0x30</size>
         <input_file_ref idref="fl-15a"/>
      </object_component>
      <object_component id="oc-27e">
         <name>.text</name>
         <load_address>0x200072b8</load_address>
         <run_address>0x200072b8</run_address>
         <size>0x30</size>
         <input_file_ref idref="fl-14f"/>
      </object_component>
      <object_component id="oc-221">
         <name>.text</name>
         <load_address>0x200072e8</load_address>
         <run_address>0x200072e8</run_address>
         <size>0x2e</size>
         <input_file_ref idref="fl-146"/>
      </object_component>
      <object_component id="oc-2cf">
         <name>.text</name>
         <load_address>0x20007316</load_address>
         <run_address>0x20007316</run_address>
         <size>0x2e</size>
         <input_file_ref idref="fl-153"/>
      </object_component>
      <object_component id="oc-12d">
         <name>.text:PRCMSysResetCauseGet</name>
         <load_address>0x20007344</load_address>
         <run_address>0x20007344</run_address>
         <size>0x2c</size>
         <input_file_ref idref="fl-159"/>
      </object_component>
      <object_component id="oc-23d">
         <name>.text</name>
         <load_address>0x20007370</load_address>
         <run_address>0x20007370</run_address>
         <size>0x2a</size>
         <input_file_ref idref="fl-14c"/>
      </object_component>
      <object_component id="oc-127">
         <name>.text:PRCMPeripheralClkDisable</name>
         <load_address>0x2000739c</load_address>
         <run_address>0x2000739c</run_address>
         <size>0x28</size>
         <input_file_ref idref="fl-159"/>
      </object_component>
      <object_component id="oc-1bc">
         <name>.text:UARTEnable</name>
         <load_address>0x200073c4</load_address>
         <run_address>0x200073c4</run_address>
         <size>0x24</size>
         <input_file_ref idref="fl-15a"/>
      </object_component>
      <object_component id="oc-171">
         <name>.text</name>
         <load_address>0x200073e8</load_address>
         <run_address>0x200073e8</run_address>
         <size>0x24</size>
         <input_file_ref idref="fl-132"/>
      </object_component>
      <object_component id="oc-22b">
         <name>.text</name>
         <load_address>0x2000740c</load_address>
         <run_address>0x2000740c</run_address>
         <size>0x22</size>
         <input_file_ref idref="fl-145"/>
      </object_component>
      <object_component id="oc-153">
         <name>.text:UARTCharPut</name>
         <load_address>0x2000742e</load_address>
         <run_address>0x2000742e</run_address>
         <size>0x1e</size>
         <input_file_ref idref="fl-15a"/>
      </object_component>
      <object_component id="oc-165">
         <name>.text:UARTCharGetNonBlocking</name>
         <load_address>0x2000744c</load_address>
         <run_address>0x2000744c</run_address>
         <size>0x1c</size>
         <input_file_ref idref="fl-15a"/>
      </object_component>
      <object_component id="oc-243">
         <name>.text</name>
         <load_address>0x20007468</load_address>
         <run_address>0x20007468</run_address>
         <size>0x1c</size>
         <input_file_ref idref="fl-149"/>
      </object_component>
      <object_component id="oc-140">
         <name>.text:PinTypeUART</name>
         <load_address>0x20007484</load_address>
         <run_address>0x20007484</run_address>
         <size>0x1a</size>
         <input_file_ref idref="fl-158"/>
      </object_component>
      <object_component id="oc-15f">
         <name>.text:UARTCharsAvail</name>
         <load_address>0x2000749e</load_address>
         <run_address>0x2000749e</run_address>
         <size>0x18</size>
         <input_file_ref idref="fl-15a"/>
      </object_component>
      <object_component id="oc-5b">
         <name>.text</name>
         <load_address>0x200074b8</load_address>
         <run_address>0x200074b8</run_address>
         <size>0x18</size>
         <input_file_ref idref="fl-13b"/>
      </object_component>
      <object_component id="oc-10f">
         <name>.text:PRCMHIBRegRead</name>
         <load_address>0x200074d0</load_address>
         <run_address>0x200074d0</run_address>
         <size>0x16</size>
         <input_file_ref idref="fl-159"/>
      </object_component>
      <object_component id="oc-115">
         <name>.text:PRCMHIBRegWrite</name>
         <load_address>0x200074e6</load_address>
         <run_address>0x200074e6</run_address>
         <size>0x16</size>
         <input_file_ref idref="fl-159"/>
      </object_component>
      <object_component id="oc-237">
         <name>.text</name>
         <load_address>0x200074fc</load_address>
         <run_address>0x200074fc</run_address>
         <size>0x16</size>
         <input_file_ref idref="fl-14a"/>
      </object_component>
      <object_component id="oc-ff">
         <name>.text:CPUcpsie</name>
         <load_address>0x20007512</load_address>
         <run_address>0x20007512</run_address>
         <size>0x14</size>
         <input_file_ref idref="fl-15c"/>
      </object_component>
      <object_component id="oc-ea">
         <name>.text</name>
         <load_address>0x20007528</load_address>
         <run_address>0x20007528</run_address>
         <size>0x14</size>
         <input_file_ref idref="fl-139"/>
      </object_component>
      <object_component id="oc-16b">
         <name>.text</name>
         <load_address>0x2000753c</load_address>
         <run_address>0x2000753c</run_address>
         <size>0x14</size>
         <input_file_ref idref="fl-137"/>
      </object_component>
      <object_component id="oc-f">
         <name>.text:decompress:none</name>
         <load_address>0x20007550</load_address>
         <run_address>0x20007550</run_address>
         <size>0xe</size>
         <input_file_ref idref="fl-12d"/>
      </object_component>
      <object_component id="oc-1b">
         <name>.text:decompress:ZI</name>
         <load_address>0x2000755e</load_address>
         <run_address>0x2000755e</run_address>
         <size>0xc</size>
         <input_file_ref idref="fl-12f"/>
      </object_component>
      <object_component id="oc-bd">
         <name>.text:IntMasterEnable</name>
         <load_address>0x2000756a</load_address>
         <run_address>0x2000756a</run_address>
         <size>0xa</size>
         <input_file_ref idref="fl-157"/>
      </object_component>
      <object_component id="oc-e1">
         <name>.text:UtilsDelay</name>
         <load_address>0x20007574</load_address>
         <run_address>0x20007574</run_address>
         <size>0x6</size>
         <input_file_ref idref="fl-15b"/>
      </object_component>
      <object_component id="oc-15">
         <name>.text:decompress:rle24</name>
         <load_address>0x2000757a</load_address>
         <run_address>0x2000757a</run_address>
         <size>0x6</size>
         <input_file_ref idref="fl-12e"/>
      </object_component>
      <object_component id="oc-4f">
         <name>.text</name>
         <load_address>0x20007580</load_address>
         <run_address>0x20007580</run_address>
         <size>0x4</size>
         <input_file_ref idref="fl-135"/>
      </object_component>
      <object_component id="oc-28c">
         <name>.const:.string:_ctypes_</name>
         <load_address>0x20007584</load_address>
         <run_address>0x20007584</run_address>
         <size>0x101</size>
         <input_file_ref idref="fl-13f"/>
      </object_component>
      <object_component id="oc-1f6">
         <name>.const:g_ulPinToPadMap</name>
         <load_address>0x20007688</load_address>
         <run_address>0x20007688</run_address>
         <size>0x100</size>
         <input_file_ref idref="fl-158"/>
      </object_component>
      <object_component id="oc-19e">
         <name>.const:PRCM_PeriphRegsList</name>
         <load_address>0x20007788</load_address>
         <run_address>0x20007788</run_address>
         <size>0xa8</size>
         <input_file_ref idref="fl-159"/>
      </object_component>
      <object_component id="oc-10b">
         <name>.const</name>
         <load_address>0x20007830</load_address>
         <run_address>0x20007830</run_address>
         <size>0x80</size>
         <input_file_ref idref="fl-157"/>
      </object_component>
      <object_component id="oc-18b">
         <name>.const:.string:HX8357D_initProcess</name>
         <load_address>0x200078b0</load_address>
         <run_address>0x200078b0</run_address>
         <size>0x46</size>
         <input_file_ref idref="fl-2"/>
      </object_component>
      <object_component id="oc-325">
         <name>.cinit..data.load</name>
         <load_address>0x200078f8</load_address>
         <run_address>0x200078f8</run_address>
         <size>0x4f</size>
      </object_component>
      <object_component id="oc-323">
         <name>__TI_handler_table</name>
         <load_address>0x20007948</load_address>
         <run_address>0x20007948</run_address>
         <size>0xc</size>
      </object_component>
      <object_component id="oc-326">
         <name>.cinit..bss.load</name>
         <load_address>0x20007958</load_address>
         <run_address>0x20007958</run_address>
         <size>0x8</size>
      </object_component>
      <object_component id="oc-324">
         <name>__TI_cinit_table</name>
         <load_address>0x20007960</load_address>
         <run_address>0x20007960</run_address>
         <size>0x10</size>
      </object_component>
      <object_component id="oc-27">
         <name>.sysmem</name>
         <uninitialized>true</uninitialized>
         <run_address>0x20017160</run_address>
         <size>0x8</size>
         <input_file_ref idref="fl-133"/>
      </object_component>
      <object_component id="oc-328">
         <name>.sysmem</name>
         <uninitialized>true</uninitialized>
         <run_address>0x20017160</run_address>
         <size>0x0</size>
      </object_component>
      <object_component id="oc-26">
         <name>.stack</name>
         <uninitialized>true</uninitialized>
         <run_address>0x2002faec</run_address>
         <size>0x0</size>
         <input_file_ref idref="fl-12c"/>
      </object_component>
      <object_component id="oc-327">
         <name>.stack</name>
         <uninitialized>true</uninitialized>
         <run_address>0x2002faec</run_address>
         <size>0x0</size>
      </object_component>
      <object_component id="oc-17d">
         <name>.common:__Errorlog</name>
         <uninitialized>true</uninitialized>
         <run_address>0x2001715c</run_address>
         <size>0x4</size>
      </object_component>
      <object_component id="oc-9b">
         <name>.data</name>
         <load_address>0x20017144</load_address>
         <run_address>0x20017144</run_address>
         <size>0x8</size>
         <input_file_ref idref="fl-130"/>
      </object_component>
      <object_component id="oc-1dc">
         <name>.data</name>
         <load_address>0x20017130</load_address>
         <run_address>0x20017130</run_address>
         <size>0xc</size>
         <input_file_ref idref="fl-133"/>
      </object_component>
      <object_component id="oc-67">
         <name>.data</name>
         <load_address>0x20017158</load_address>
         <run_address>0x20017158</run_address>
         <size>0x4</size>
         <input_file_ref idref="fl-136"/>
      </object_component>
      <object_component id="oc-98">
         <name>.data</name>
         <load_address>0x2001713c</load_address>
         <run_address>0x2001713c</run_address>
         <size>0x8</size>
         <input_file_ref idref="fl-139"/>
      </object_component>
      <object_component id="oc-2a6">
         <name>.data</name>
         <load_address>0x200170b0</load_address>
         <run_address>0x200170b0</run_address>
         <size>0x80</size>
         <input_file_ref idref="fl-150"/>
      </object_component>
      <object_component id="oc-2b1">
         <name>.data</name>
         <load_address>0x20017154</load_address>
         <run_address>0x20017154</run_address>
         <size>0x4</size>
         <input_file_ref idref="fl-151"/>
      </object_component>
      <object_component id="oc-2d5">
         <name>.data</name>
         <load_address>0x2001714c</load_address>
         <run_address>0x2001714c</run_address>
         <size>0x8</size>
         <input_file_ref idref="fl-152"/>
      </object_component>
      <object_component id="oc-2f0">
         <name>.data:sigtable</name>
         <load_address>0x20017000</load_address>
         <run_address>0x20017000</run_address>
         <size>0xb0</size>
         <input_file_ref idref="fl-154"/>
      </object_component>
      <object_component id="oc-18f">
         <name>.debug_info</name>
         <load_address>0x0</load_address>
         <run_address>0x0</run_address>
         <size>0x167</size>
         <input_file_ref idref="fl-2"/>
      </object_component>
      <object_component id="oc-18c">
         <name>.debug_info</name>
         <load_address>0x167</load_address>
         <run_address>0x167</run_address>
         <size>0xe0</size>
         <input_file_ref idref="fl-2"/>
      </object_component>
      <object_component id="oc-dc">
         <name>.debug_info</name>
         <load_address>0x247</load_address>
         <run_address>0x247</run_address>
         <size>0x72f</size>
         <input_file_ref idref="fl-2"/>
      </object_component>
      <object_component id="oc-1e6">
         <name>.debug_info</name>
         <load_address>0x976</load_address>
         <run_address>0x976</run_address>
         <size>0xc8</size>
         <input_file_ref idref="fl-2"/>
      </object_component>
      <object_component id="oc-77">
         <name>.debug_info</name>
         <load_address>0xa3e</load_address>
         <run_address>0xa3e</run_address>
         <size>0x84</size>
         <input_file_ref idref="fl-2"/>
      </object_component>
      <object_component id="oc-190">
         <name>.debug_info</name>
         <load_address>0xac2</load_address>
         <run_address>0xac2</run_address>
         <size>0x18b</size>
         <input_file_ref idref="fl-2"/>
      </object_component>
      <object_component id="oc-106">
         <name>.debug_info</name>
         <load_address>0xc4d</load_address>
         <run_address>0xc4d</run_address>
         <size>0x2c</size>
         <input_file_ref idref="fl-2"/>
      </object_component>
      <object_component id="oc-181">
         <name>.debug_info</name>
         <load_address>0xc79</load_address>
         <run_address>0xc79</run_address>
         <size>0x4e</size>
         <input_file_ref idref="fl-2"/>
      </object_component>
      <object_component id="oc-93">
         <name>.debug_info</name>
         <load_address>0xcc7</load_address>
         <run_address>0xcc7</run_address>
         <size>0x1cf</size>
         <input_file_ref idref="fl-3"/>
      </object_component>
      <object_component id="oc-1f1">
         <name>.debug_info</name>
         <load_address>0xe96</load_address>
         <run_address>0xe96</run_address>
         <size>0x62</size>
         <input_file_ref idref="fl-3"/>
      </object_component>
      <object_component id="oc-d1">
         <name>.debug_info</name>
         <load_address>0xef8</load_address>
         <run_address>0xef8</run_address>
         <size>0x43f</size>
         <input_file_ref idref="fl-4"/>
      </object_component>
      <object_component id="oc-17e">
         <name>.debug_info</name>
         <load_address>0x1337</load_address>
         <run_address>0x1337</run_address>
         <size>0x3ab</size>
         <input_file_ref idref="fl-5"/>
      </object_component>
      <object_component id="oc-d6">
         <name>.debug_info</name>
         <load_address>0x16e2</load_address>
         <run_address>0x16e2</run_address>
         <size>0x98c</size>
         <input_file_ref idref="fl-5"/>
      </object_component>
      <object_component id="oc-186">
         <name>.debug_info</name>
         <load_address>0x206e</load_address>
         <run_address>0x206e</run_address>
         <size>0x110</size>
         <input_file_ref idref="fl-5"/>
      </object_component>
      <object_component id="oc-22">
         <name>.debug_info</name>
         <load_address>0x217e</load_address>
         <run_address>0x217e</run_address>
         <size>0x12e</size>
         <input_file_ref idref="fl-12c"/>
      </object_component>
      <object_component id="oc-35">
         <name>.debug_info</name>
         <load_address>0x22ac</load_address>
         <run_address>0x22ac</run_address>
         <size>0x11b</size>
         <input_file_ref idref="fl-12d"/>
      </object_component>
      <object_component id="oc-12">
         <name>.debug_info</name>
         <load_address>0x23c7</load_address>
         <run_address>0x23c7</run_address>
         <size>0x1ba</size>
         <input_file_ref idref="fl-12d"/>
      </object_component>
      <object_component id="oc-30">
         <name>.debug_info</name>
         <load_address>0x2581</load_address>
         <run_address>0x2581</run_address>
         <size>0x46</size>
         <input_file_ref idref="fl-12d"/>
      </object_component>
      <object_component id="oc-70">
         <name>.debug_info</name>
         <load_address>0x25c7</load_address>
         <run_address>0x25c7</run_address>
         <size>0x2c</size>
         <input_file_ref idref="fl-12d"/>
      </object_component>
      <object_component id="oc-3d">
         <name>.debug_info</name>
         <load_address>0x25f3</load_address>
         <run_address>0x25f3</run_address>
         <size>0x10f</size>
         <input_file_ref idref="fl-12e"/>
      </object_component>
      <object_component id="oc-37">
         <name>.debug_info</name>
         <load_address>0x2702</load_address>
         <run_address>0x2702</run_address>
         <size>0x222</size>
         <input_file_ref idref="fl-12e"/>
      </object_component>
      <object_component id="oc-16">
         <name>.debug_info</name>
         <load_address>0x2924</load_address>
         <run_address>0x2924</run_address>
         <size>0x18c</size>
         <input_file_ref idref="fl-12e"/>
      </object_component>
      <object_component id="oc-3e">
         <name>.debug_info</name>
         <load_address>0x2ab0</load_address>
         <run_address>0x2ab0</run_address>
         <size>0x39</size>
         <input_file_ref idref="fl-12e"/>
      </object_component>
      <object_component id="oc-7f">
         <name>.debug_info</name>
         <load_address>0x2ae9</load_address>
         <run_address>0x2ae9</run_address>
         <size>0x2c</size>
         <input_file_ref idref="fl-12e"/>
      </object_component>
      <object_component id="oc-4e">
         <name>.debug_info</name>
         <load_address>0x2b15</load_address>
         <run_address>0x2b15</run_address>
         <size>0x10a</size>
         <input_file_ref idref="fl-12f"/>
      </object_component>
      <object_component id="oc-1c">
         <name>.debug_info</name>
         <load_address>0x2c1f</load_address>
         <run_address>0x2c1f</run_address>
         <size>0x185</size>
         <input_file_ref idref="fl-12f"/>
      </object_component>
      <object_component id="oc-49">
         <name>.debug_info</name>
         <load_address>0x2da4</load_address>
         <run_address>0x2da4</run_address>
         <size>0x46</size>
         <input_file_ref idref="fl-12f"/>
      </object_component>
      <object_component id="oc-9f">
         <name>.debug_info</name>
         <load_address>0x2dea</load_address>
         <run_address>0x2dea</run_address>
         <size>0x16c</size>
         <input_file_ref idref="fl-130"/>
      </object_component>
      <object_component id="oc-9c">
         <name>.debug_info</name>
         <load_address>0x2f56</load_address>
         <run_address>0x2f56</run_address>
         <size>0x111</size>
         <input_file_ref idref="fl-130"/>
      </object_component>
      <object_component id="oc-62">
         <name>.debug_info</name>
         <load_address>0x3067</load_address>
         <run_address>0x3067</run_address>
         <size>0x1e8</size>
         <input_file_ref idref="fl-130"/>
      </object_component>
      <object_component id="oc-2d">
         <name>.debug_info</name>
         <load_address>0x324f</load_address>
         <run_address>0x324f</run_address>
         <size>0xf0</size>
         <input_file_ref idref="fl-131"/>
      </object_component>
      <object_component id="oc-1db">
         <name>.debug_info</name>
         <load_address>0x333f</load_address>
         <run_address>0x333f</run_address>
         <size>0x107</size>
         <input_file_ref idref="fl-132"/>
      </object_component>
      <object_component id="oc-172">
         <name>.debug_info</name>
         <load_address>0x3446</load_address>
         <run_address>0x3446</run_address>
         <size>0x186</size>
         <input_file_ref idref="fl-132"/>
      </object_component>
      <object_component id="oc-6d">
         <name>.debug_info</name>
         <load_address>0x35cc</load_address>
         <run_address>0x35cc</run_address>
         <size>0x1fd</size>
         <input_file_ref idref="fl-133"/>
      </object_component>
      <object_component id="oc-28">
         <name>.debug_info</name>
         <load_address>0x37c9</load_address>
         <run_address>0x37c9</run_address>
         <size>0xdc</size>
         <input_file_ref idref="fl-133"/>
      </object_component>
      <object_component id="oc-1dd">
         <name>.debug_info</name>
         <load_address>0x38a5</load_address>
         <run_address>0x38a5</run_address>
         <size>0x127</size>
         <input_file_ref idref="fl-133"/>
      </object_component>
      <object_component id="oc-17b">
         <name>.debug_info</name>
         <load_address>0x39cc</load_address>
         <run_address>0x39cc</run_address>
         <size>0x866</size>
         <input_file_ref idref="fl-133"/>
      </object_component>
      <object_component id="oc-a5">
         <name>.debug_info</name>
         <load_address>0x4232</load_address>
         <run_address>0x4232</run_address>
         <size>0x2c</size>
         <input_file_ref idref="fl-133"/>
      </object_component>
      <object_component id="oc-aa">
         <name>.debug_info</name>
         <load_address>0x425e</load_address>
         <run_address>0x425e</run_address>
         <size>0x62</size>
         <input_file_ref idref="fl-133"/>
      </object_component>
      <object_component id="oc-44">
         <name>.debug_info</name>
         <load_address>0x42c0</load_address>
         <run_address>0x42c0</run_address>
         <size>0x11e</size>
         <input_file_ref idref="fl-134"/>
      </object_component>
      <object_component id="oc-51">
         <name>.debug_info</name>
         <load_address>0x43de</load_address>
         <run_address>0x43de</run_address>
         <size>0x123</size>
         <input_file_ref idref="fl-135"/>
      </object_component>
      <object_component id="oc-68">
         <name>.debug_info</name>
         <load_address>0x4501</load_address>
         <run_address>0x4501</run_address>
         <size>0xe4</size>
         <input_file_ref idref="fl-136"/>
      </object_component>
      <object_component id="oc-1d9">
         <name>.debug_info</name>
         <load_address>0x45e5</load_address>
         <run_address>0x45e5</run_address>
         <size>0xc5</size>
         <input_file_ref idref="fl-137"/>
      </object_component>
      <object_component id="oc-16d">
         <name>.debug_info</name>
         <load_address>0x46aa</load_address>
         <run_address>0x46aa</run_address>
         <size>0x1c9</size>
         <input_file_ref idref="fl-137"/>
      </object_component>
      <object_component id="oc-1cb">
         <name>.debug_info</name>
         <load_address>0x4873</load_address>
         <run_address>0x4873</run_address>
         <size>0x1a3</size>
         <input_file_ref idref="fl-138"/>
      </object_component>
      <object_component id="oc-15d">
         <name>.debug_info</name>
         <load_address>0x4a16</load_address>
         <run_address>0x4a16</run_address>
         <size>0x337</size>
         <input_file_ref idref="fl-138"/>
      </object_component>
      <object_component id="oc-1cc">
         <name>.debug_info</name>
         <load_address>0x4d4d</load_address>
         <run_address>0x4d4d</run_address>
         <size>0x2c</size>
         <input_file_ref idref="fl-138"/>
      </object_component>
      <object_component id="oc-1d1">
         <name>.debug_info</name>
         <load_address>0x4d79</load_address>
         <run_address>0x4d79</run_address>
         <size>0x69</size>
         <input_file_ref idref="fl-138"/>
      </object_component>
      <object_component id="oc-f2">
         <name>.debug_info</name>
         <load_address>0x4de2</load_address>
         <run_address>0x4de2</run_address>
         <size>0xff</size>
         <input_file_ref idref="fl-139"/>
      </object_component>
      <object_component id="oc-99">
         <name>.debug_info</name>
         <load_address>0x4ee1</load_address>
         <run_address>0x4ee1</run_address>
         <size>0xee</size>
         <input_file_ref idref="fl-139"/>
      </object_component>
      <object_component id="oc-ec">
         <name>.debug_info</name>
         <load_address>0x4fcf</load_address>
         <run_address>0x4fcf</run_address>
         <size>0x1fa</size>
         <input_file_ref idref="fl-139"/>
      </object_component>
      <object_component id="oc-250">
         <name>.debug_info</name>
         <load_address>0x51c9</load_address>
         <run_address>0x51c9</run_address>
         <size>0x3a1</size>
         <input_file_ref idref="fl-13a"/>
      </object_component>
      <object_component id="oc-1c7">
         <name>.debug_info</name>
         <load_address>0x556a</load_address>
         <run_address>0x556a</run_address>
         <size>0x17e2</size>
         <input_file_ref idref="fl-13a"/>
      </object_component>
      <object_component id="oc-251">
         <name>.debug_info</name>
         <load_address>0x6d4c</load_address>
         <run_address>0x6d4c</run_address>
         <size>0x86</size>
         <input_file_ref idref="fl-13a"/>
      </object_component>
      <object_component id="oc-293">
         <name>.debug_info</name>
         <load_address>0x6dd2</load_address>
         <run_address>0x6dd2</run_address>
         <size>0x46</size>
         <input_file_ref idref="fl-13a"/>
      </object_component>
      <object_component id="oc-256">
         <name>.debug_info</name>
         <load_address>0x6e18</load_address>
         <run_address>0x6e18</run_address>
         <size>0x39</size>
         <input_file_ref idref="fl-13a"/>
      </object_component>
      <object_component id="oc-97">
         <name>.debug_info</name>
         <load_address>0x6e51</load_address>
         <run_address>0x6e51</run_address>
         <size>0x141</size>
         <input_file_ref idref="fl-13b"/>
      </object_component>
      <object_component id="oc-5e">
         <name>.debug_info</name>
         <load_address>0x6f92</load_address>
         <run_address>0x6f92</run_address>
         <size>0x142</size>
         <input_file_ref idref="fl-13b"/>
      </object_component>
      <object_component id="oc-e5">
         <name>.debug_info</name>
         <load_address>0x70d4</load_address>
         <run_address>0x70d4</run_address>
         <size>0x5e</size>
         <input_file_ref idref="fl-13b"/>
      </object_component>
      <object_component id="oc-290">
         <name>.debug_info</name>
         <load_address>0x7132</load_address>
         <run_address>0x7132</run_address>
         <size>0xef</size>
         <input_file_ref idref="fl-13c"/>
      </object_component>
      <object_component id="oc-24a">
         <name>.debug_info</name>
         <load_address>0x7221</load_address>
         <run_address>0x7221</run_address>
         <size>0x14c</size>
         <input_file_ref idref="fl-13c"/>
      </object_component>
      <object_component id="oc-8f">
         <name>.debug_info</name>
         <load_address>0x736d</load_address>
         <run_address>0x736d</run_address>
         <size>0x298</size>
         <input_file_ref idref="fl-13d"/>
      </object_component>
      <object_component id="oc-59">
         <name>.debug_info</name>
         <load_address>0x7605</load_address>
         <run_address>0x7605</run_address>
         <size>0x152</size>
         <input_file_ref idref="fl-13d"/>
      </object_component>
      <object_component id="oc-b3">
         <name>.debug_info</name>
         <load_address>0x7757</load_address>
         <run_address>0x7757</run_address>
         <size>0x39</size>
         <input_file_ref idref="fl-13d"/>
      </object_component>
      <object_component id="oc-b8">
         <name>.debug_info</name>
         <load_address>0x7790</load_address>
         <run_address>0x7790</run_address>
         <size>0xcd</size>
         <input_file_ref idref="fl-13d"/>
      </object_component>
      <object_component id="oc-b0">
         <name>.debug_info</name>
         <load_address>0x785d</load_address>
         <run_address>0x785d</run_address>
         <size>0x1bb</size>
         <input_file_ref idref="fl-13e"/>
      </object_component>
      <object_component id="oc-89">
         <name>.debug_info</name>
         <load_address>0x7a18</load_address>
         <run_address>0x7a18</run_address>
         <size>0x15e</size>
         <input_file_ref idref="fl-13e"/>
      </object_component>
      <object_component id="oc-fa">
         <name>.debug_info</name>
         <load_address>0x7b76</load_address>
         <run_address>0x7b76</run_address>
         <size>0x2c</size>
         <input_file_ref idref="fl-13e"/>
      </object_component>
      <object_component id="oc-2bf">
         <name>.debug_info</name>
         <load_address>0x7ba2</load_address>
         <run_address>0x7ba2</run_address>
         <size>0xc9</size>
         <input_file_ref idref="fl-13f"/>
      </object_component>
      <object_component id="oc-28d">
         <name>.debug_info</name>
         <load_address>0x7c6b</load_address>
         <run_address>0x7c6b</run_address>
         <size>0xd5</size>
         <input_file_ref idref="fl-13f"/>
      </object_component>
      <object_component id="oc-227">
         <name>.debug_info</name>
         <load_address>0x7d40</load_address>
         <run_address>0x7d40</run_address>
         <size>0x123</size>
         <input_file_ref idref="fl-140"/>
      </object_component>
      <object_component id="oc-204">
         <name>.debug_info</name>
         <load_address>0x7e63</load_address>
         <run_address>0x7e63</run_address>
         <size>0xff</size>
         <input_file_ref idref="fl-141"/>
      </object_component>
      <object_component id="oc-213">
         <name>.debug_info</name>
         <load_address>0x7f62</load_address>
         <run_address>0x7f62</run_address>
         <size>0x101</size>
         <input_file_ref idref="fl-141"/>
      </object_component>
      <object_component id="oc-20e">
         <name>.debug_info</name>
         <load_address>0x8063</load_address>
         <run_address>0x8063</run_address>
         <size>0x111</size>
         <input_file_ref idref="fl-142"/>
      </object_component>
      <object_component id="oc-208">
         <name>.debug_info</name>
         <load_address>0x8174</load_address>
         <run_address>0x8174</run_address>
         <size>0x111</size>
         <input_file_ref idref="fl-143"/>
      </object_component>
      <object_component id="oc-218">
         <name>.debug_info</name>
         <load_address>0x8285</load_address>
         <run_address>0x8285</run_address>
         <size>0x105</size>
         <input_file_ref idref="fl-144"/>
      </object_component>
      <object_component id="oc-277">
         <name>.debug_info</name>
         <load_address>0x838a</load_address>
         <run_address>0x838a</run_address>
         <size>0x167</size>
         <input_file_ref idref="fl-145"/>
      </object_component>
      <object_component id="oc-22e">
         <name>.debug_info</name>
         <load_address>0x84f1</load_address>
         <run_address>0x84f1</run_address>
         <size>0x167</size>
         <input_file_ref idref="fl-145"/>
      </object_component>
      <object_component id="oc-223">
         <name>.debug_info</name>
         <load_address>0x8658</load_address>
         <run_address>0x8658</run_address>
         <size>0x103</size>
         <input_file_ref idref="fl-146"/>
      </object_component>
      <object_component id="oc-285">
         <name>.debug_info</name>
         <load_address>0x875b</load_address>
         <run_address>0x875b</run_address>
         <size>0x169</size>
         <input_file_ref idref="fl-147"/>
      </object_component>
      <object_component id="oc-232">
         <name>.debug_info</name>
         <load_address>0x88c4</load_address>
         <run_address>0x88c4</run_address>
         <size>0x15e</size>
         <input_file_ref idref="fl-147"/>
      </object_component>
      <object_component id="oc-26d">
         <name>.debug_info</name>
         <load_address>0x8a22</load_address>
         <run_address>0x8a22</run_address>
         <size>0x127</size>
         <input_file_ref idref="fl-148"/>
      </object_component>
      <object_component id="oc-21c">
         <name>.debug_info</name>
         <load_address>0x8b49</load_address>
         <run_address>0x8b49</run_address>
         <size>0x19d</size>
         <input_file_ref idref="fl-148"/>
      </object_component>
      <object_component id="oc-28b">
         <name>.debug_info</name>
         <load_address>0x8ce6</load_address>
         <run_address>0x8ce6</run_address>
         <size>0xcc</size>
         <input_file_ref idref="fl-149"/>
      </object_component>
      <object_component id="oc-245">
         <name>.debug_info</name>
         <load_address>0x8db2</load_address>
         <run_address>0x8db2</run_address>
         <size>0x186</size>
         <input_file_ref idref="fl-149"/>
      </object_component>
      <object_component id="oc-287">
         <name>.debug_info</name>
         <load_address>0x8f38</load_address>
         <run_address>0x8f38</run_address>
         <size>0xd0</size>
         <input_file_ref idref="fl-14a"/>
      </object_component>
      <object_component id="oc-23a">
         <name>.debug_info</name>
         <load_address>0x9008</load_address>
         <run_address>0x9008</run_address>
         <size>0x1e3</size>
         <input_file_ref idref="fl-14a"/>
      </object_component>
      <object_component id="oc-1fe">
         <name>.debug_info</name>
         <load_address>0x91eb</load_address>
         <run_address>0x91eb</run_address>
         <size>0x15c</size>
         <input_file_ref idref="fl-14b"/>
      </object_component>
      <object_component id="oc-289">
         <name>.debug_info</name>
         <load_address>0x9347</load_address>
         <run_address>0x9347</run_address>
         <size>0x11a</size>
         <input_file_ref idref="fl-14c"/>
      </object_component>
      <object_component id="oc-23e">
         <name>.debug_info</name>
         <load_address>0x9461</load_address>
         <run_address>0x9461</run_address>
         <size>0x12e</size>
         <input_file_ref idref="fl-14c"/>
      </object_component>
      <object_component id="oc-2aa">
         <name>.debug_info</name>
         <load_address>0x958f</load_address>
         <run_address>0x958f</run_address>
         <size>0x17a</size>
         <input_file_ref idref="fl-14d"/>
      </object_component>
      <object_component id="oc-279">
         <name>.debug_info</name>
         <load_address>0x9709</load_address>
         <run_address>0x9709</run_address>
         <size>0x18c</size>
         <input_file_ref idref="fl-14d"/>
      </object_component>
      <object_component id="oc-2c8">
         <name>.debug_info</name>
         <load_address>0x9895</load_address>
         <run_address>0x9895</run_address>
         <size>0x86</size>
         <input_file_ref idref="fl-14d"/>
      </object_component>
      <object_component id="oc-2a3">
         <name>.debug_info</name>
         <load_address>0x991b</load_address>
         <run_address>0x991b</run_address>
         <size>0x164</size>
         <input_file_ref idref="fl-14e"/>
      </object_component>
      <object_component id="oc-272">
         <name>.debug_info</name>
         <load_address>0x9a7f</load_address>
         <run_address>0x9a7f</run_address>
         <size>0x16d</size>
         <input_file_ref idref="fl-14e"/>
      </object_component>
      <object_component id="oc-27f">
         <name>.debug_info</name>
         <load_address>0x9bec</load_address>
         <run_address>0x9bec</run_address>
         <size>0x14d</size>
         <input_file_ref idref="fl-14f"/>
      </object_component>
      <object_component id="oc-2a7">
         <name>.debug_info</name>
         <load_address>0x9d39</load_address>
         <run_address>0x9d39</run_address>
         <size>0x1af</size>
         <input_file_ref idref="fl-150"/>
      </object_component>
      <object_component id="oc-2b2">
         <name>.debug_info</name>
         <load_address>0x9ee8</load_address>
         <run_address>0x9ee8</run_address>
         <size>0xd0</size>
         <input_file_ref idref="fl-151"/>
      </object_component>
      <object_component id="oc-2ee">
         <name>.debug_info</name>
         <load_address>0x9fb8</load_address>
         <run_address>0x9fb8</run_address>
         <size>0x1a7</size>
         <input_file_ref idref="fl-152"/>
      </object_component>
      <object_component id="oc-2d6">
         <name>.debug_info</name>
         <load_address>0xa15f</load_address>
         <run_address>0xa15f</run_address>
         <size>0x108</size>
         <input_file_ref idref="fl-152"/>
      </object_component>
      <object_component id="oc-2ad">
         <name>.debug_info</name>
         <load_address>0xa267</load_address>
         <run_address>0xa267</run_address>
         <size>0x169</size>
         <input_file_ref idref="fl-152"/>
      </object_component>
      <object_component id="oc-2e9">
         <name>.debug_info</name>
         <load_address>0xa3d0</load_address>
         <run_address>0xa3d0</run_address>
         <size>0x6f</size>
         <input_file_ref idref="fl-152"/>
      </object_component>
      <object_component id="oc-2e6">
         <name>.debug_info</name>
         <load_address>0xa43f</load_address>
         <run_address>0xa43f</run_address>
         <size>0xf7</size>
         <input_file_ref idref="fl-153"/>
      </object_component>
      <object_component id="oc-2d1">
         <name>.debug_info</name>
         <load_address>0xa536</load_address>
         <run_address>0xa536</run_address>
         <size>0x14e</size>
         <input_file_ref idref="fl-153"/>
      </object_component>
      <object_component id="oc-2f7">
         <name>.debug_info</name>
         <load_address>0xa684</load_address>
         <run_address>0xa684</run_address>
         <size>0x2c</size>
         <input_file_ref idref="fl-153"/>
      </object_component>
      <object_component id="oc-2f4">
         <name>.debug_info</name>
         <load_address>0xa6b0</load_address>
         <run_address>0xa6b0</run_address>
         <size>0x117</size>
         <input_file_ref idref="fl-154"/>
      </object_component>
      <object_component id="oc-2f1">
         <name>.debug_info</name>
         <load_address>0xa7c7</load_address>
         <run_address>0xa7c7</run_address>
         <size>0xd5</size>
         <input_file_ref idref="fl-154"/>
      </object_component>
      <object_component id="oc-2e1">
         <name>.debug_info</name>
         <load_address>0xa89c</load_address>
         <run_address>0xa89c</run_address>
         <size>0x164</size>
         <input_file_ref idref="fl-154"/>
      </object_component>
      <object_component id="oc-2c3">
         <name>.debug_info</name>
         <load_address>0xaa00</load_address>
         <run_address>0xaa00</run_address>
         <size>0x12f</size>
         <input_file_ref idref="fl-155"/>
      </object_component>
      <object_component id="oc-29e">
         <name>.debug_info</name>
         <load_address>0xab2f</load_address>
         <run_address>0xab2f</run_address>
         <size>0x147</size>
         <input_file_ref idref="fl-155"/>
      </object_component>
      <object_component id="oc-13c">
         <name>.debug_info</name>
         <load_address>0xac76</load_address>
         <run_address>0xac76</run_address>
         <size>0x231</size>
         <input_file_ref idref="fl-156"/>
      </object_component>
      <object_component id="oc-19b">
         <name>.debug_info</name>
         <load_address>0xaea7</load_address>
         <run_address>0xaea7</run_address>
         <size>0x1bf</size>
         <input_file_ref idref="fl-157"/>
      </object_component>
      <object_component id="oc-10c">
         <name>.debug_info</name>
         <load_address>0xb066</load_address>
         <run_address>0xb066</run_address>
         <size>0x1c2</size>
         <input_file_ref idref="fl-157"/>
      </object_component>
      <object_component id="oc-be">
         <name>.debug_info</name>
         <load_address>0xb228</load_address>
         <run_address>0xb228</run_address>
         <size>0x1d0</size>
         <input_file_ref idref="fl-157"/>
      </object_component>
      <object_component id="oc-c5">
         <name>.debug_info</name>
         <load_address>0xb3f8</load_address>
         <run_address>0xb3f8</run_address>
         <size>0x1f3</size>
         <input_file_ref idref="fl-157"/>
      </object_component>
      <object_component id="oc-265">
         <name>.debug_info</name>
         <load_address>0xb5eb</load_address>
         <run_address>0xb5eb</run_address>
         <size>0x10c</size>
         <input_file_ref idref="fl-158"/>
      </object_component>
      <object_component id="oc-1f7">
         <name>.debug_info</name>
         <load_address>0xb6f7</load_address>
         <run_address>0xb6f7</run_address>
         <size>0x11a</size>
         <input_file_ref idref="fl-158"/>
      </object_component>
      <object_component id="oc-1ad">
         <name>.debug_info</name>
         <load_address>0xb811</load_address>
         <run_address>0xb811</run_address>
         <size>0x213</size>
         <input_file_ref idref="fl-158"/>
      </object_component>
      <object_component id="oc-1a7">
         <name>.debug_info</name>
         <load_address>0xba24</load_address>
         <run_address>0xba24</run_address>
         <size>0x261</size>
         <input_file_ref idref="fl-158"/>
      </object_component>
      <object_component id="oc-141">
         <name>.debug_info</name>
         <load_address>0xbc85</load_address>
         <run_address>0xbc85</run_address>
         <size>0x228</size>
         <input_file_ref idref="fl-158"/>
      </object_component>
      <object_component id="oc-135">
         <name>.debug_info</name>
         <load_address>0xbead</load_address>
         <run_address>0xbead</run_address>
         <size>0x276</size>
         <input_file_ref idref="fl-158"/>
      </object_component>
      <object_component id="oc-1a3">
         <name>.debug_info</name>
         <load_address>0xc123</load_address>
         <run_address>0xc123</run_address>
         <size>0x21c</size>
         <input_file_ref idref="fl-159"/>
      </object_component>
      <object_component id="oc-19f">
         <name>.debug_info</name>
         <load_address>0xc33f</load_address>
         <run_address>0xc33f</run_address>
         <size>0x123</size>
         <input_file_ref idref="fl-159"/>
      </object_component>
      <object_component id="oc-12e">
         <name>.debug_info</name>
         <load_address>0xc462</load_address>
         <run_address>0xc462</run_address>
         <size>0x1fa</size>
         <input_file_ref idref="fl-159"/>
      </object_component>
      <object_component id="oc-11c">
         <name>.debug_info</name>
         <load_address>0xc65c</load_address>
         <run_address>0xc65c</run_address>
         <size>0x23f</size>
         <input_file_ref idref="fl-159"/>
      </object_component>
      <object_component id="oc-128">
         <name>.debug_info</name>
         <load_address>0xc89b</load_address>
         <run_address>0xc89b</run_address>
         <size>0x241</size>
         <input_file_ref idref="fl-159"/>
      </object_component>
      <object_component id="oc-148">
         <name>.debug_info</name>
         <load_address>0xcadc</load_address>
         <run_address>0xcadc</run_address>
         <size>0x26a</size>
         <input_file_ref idref="fl-159"/>
      </object_component>
      <object_component id="oc-122">
         <name>.debug_info</name>
         <load_address>0xcd46</load_address>
         <run_address>0xcd46</run_address>
         <size>0x214</size>
         <input_file_ref idref="fl-159"/>
      </object_component>
      <object_component id="oc-ca">
         <name>.debug_info</name>
         <load_address>0xcf5a</load_address>
         <run_address>0xcf5a</run_address>
         <size>0x286</size>
         <input_file_ref idref="fl-159"/>
      </object_component>
      <object_component id="oc-110">
         <name>.debug_info</name>
         <load_address>0xd1e0</load_address>
         <run_address>0xd1e0</run_address>
         <size>0x213</size>
         <input_file_ref idref="fl-159"/>
      </object_component>
      <object_component id="oc-116">
         <name>.debug_info</name>
         <load_address>0xd3f3</load_address>
         <run_address>0xd3f3</run_address>
         <size>0x228</size>
         <input_file_ref idref="fl-159"/>
      </object_component>
      <object_component id="oc-14f">
         <name>.debug_info</name>
         <load_address>0xd61b</load_address>
         <run_address>0xd61b</run_address>
         <size>0x2b0</size>
         <input_file_ref idref="fl-15a"/>
      </object_component>
      <object_component id="oc-1be">
         <name>.debug_info</name>
         <load_address>0xd8cb</load_address>
         <run_address>0xd8cb</run_address>
         <size>0x1d2</size>
         <input_file_ref idref="fl-15a"/>
      </object_component>
      <object_component id="oc-1b8">
         <name>.debug_info</name>
         <load_address>0xda9d</load_address>
         <run_address>0xda9d</run_address>
         <size>0x1d4</size>
         <input_file_ref idref="fl-15a"/>
      </object_component>
      <object_component id="oc-161">
         <name>.debug_info</name>
         <load_address>0xdc71</load_address>
         <run_address>0xdc71</run_address>
         <size>0x1de</size>
         <input_file_ref idref="fl-15a"/>
      </object_component>
      <object_component id="oc-166">
         <name>.debug_info</name>
         <load_address>0xde4f</load_address>
         <run_address>0xde4f</run_address>
         <size>0x1ee</size>
         <input_file_ref idref="fl-15a"/>
      </object_component>
      <object_component id="oc-154">
         <name>.debug_info</name>
         <load_address>0xe03d</load_address>
         <run_address>0xe03d</run_address>
         <size>0x1ff</size>
         <input_file_ref idref="fl-15a"/>
      </object_component>
      <object_component id="oc-101">
         <name>.debug_info</name>
         <load_address>0xe23c</load_address>
         <run_address>0xe23c</run_address>
         <size>0x1a2</size>
         <input_file_ref idref="fl-15c"/>
      </object_component>
      <object_component id="oc-329">
         <name>.debug_info</name>
         <load_address>0xe3de</load_address>
         <run_address>0xe3de</run_address>
         <size>0x9e</size>
      </object_component>
      <object_component id="oc-1e5">
         <name>.debug_line</name>
         <load_address>0x0</load_address>
         <run_address>0x0</run_address>
         <size>0xf6</size>
         <input_file_ref idref="fl-2"/>
      </object_component>
      <object_component id="oc-1e3">
         <name>.debug_line</name>
         <load_address>0xf6</load_address>
         <run_address>0xf6</run_address>
         <size>0x30</size>
         <input_file_ref idref="fl-2"/>
      </object_component>
      <object_component id="oc-e0">
         <name>.debug_line</name>
         <load_address>0x126</load_address>
         <run_address>0x126</run_address>
         <size>0x236</size>
         <input_file_ref idref="fl-2"/>
      </object_component>
      <object_component id="oc-1e9">
         <name>.debug_line</name>
         <load_address>0x35c</load_address>
         <run_address>0x35c</run_address>
         <size>0x6b</size>
         <input_file_ref idref="fl-2"/>
      </object_component>
      <object_component id="oc-7a">
         <name>.debug_line</name>
         <load_address>0x3c7</load_address>
         <run_address>0x3c7</run_address>
         <size>0x20</size>
         <input_file_ref idref="fl-2"/>
      </object_component>
      <object_component id="oc-193">
         <name>.debug_line</name>
         <load_address>0x3e7</load_address>
         <run_address>0x3e7</run_address>
         <size>0x6c</size>
         <input_file_ref idref="fl-2"/>
      </object_component>
      <object_component id="oc-109">
         <name>.debug_line</name>
         <load_address>0x453</load_address>
         <run_address>0x453</run_address>
         <size>0x5f</size>
         <input_file_ref idref="fl-2"/>
      </object_component>
      <object_component id="oc-184">
         <name>.debug_line</name>
         <load_address>0x4b2</load_address>
         <run_address>0x4b2</run_address>
         <size>0x6c</size>
         <input_file_ref idref="fl-2"/>
      </object_component>
      <object_component id="oc-91">
         <name>.debug_line</name>
         <load_address>0x51e</load_address>
         <run_address>0x51e</run_address>
         <size>0x6c</size>
         <input_file_ref idref="fl-3"/>
      </object_component>
      <object_component id="oc-1f4">
         <name>.debug_line</name>
         <load_address>0x58a</load_address>
         <run_address>0x58a</run_address>
         <size>0x61</size>
         <input_file_ref idref="fl-3"/>
      </object_component>
      <object_component id="oc-d0">
         <name>.debug_line</name>
         <load_address>0x5eb</load_address>
         <run_address>0x5eb</run_address>
         <size>0x74</size>
         <input_file_ref idref="fl-4"/>
      </object_component>
      <object_component id="oc-1e1">
         <name>.debug_line</name>
         <load_address>0x65f</load_address>
         <run_address>0x65f</run_address>
         <size>0x1ce</size>
         <input_file_ref idref="fl-5"/>
      </object_component>
      <object_component id="oc-d9">
         <name>.debug_line</name>
         <load_address>0x82d</load_address>
         <run_address>0x82d</run_address>
         <size>0x1e3</size>
         <input_file_ref idref="fl-5"/>
      </object_component>
      <object_component id="oc-189">
         <name>.debug_line</name>
         <load_address>0xa10</load_address>
         <run_address>0xa10</run_address>
         <size>0x6c</size>
         <input_file_ref idref="fl-5"/>
      </object_component>
      <object_component id="oc-25">
         <name>.debug_line</name>
         <load_address>0xa7c</load_address>
         <run_address>0xa7c</run_address>
         <size>0x4c</size>
         <input_file_ref idref="fl-12c"/>
      </object_component>
      <object_component id="oc-76">
         <name>.debug_line</name>
         <load_address>0xac8</load_address>
         <run_address>0xac8</run_address>
         <size>0x6c</size>
         <input_file_ref idref="fl-12d"/>
      </object_component>
      <object_component id="oc-14">
         <name>.debug_line</name>
         <load_address>0xb34</load_address>
         <run_address>0xb34</run_address>
         <size>0x55</size>
         <input_file_ref idref="fl-12d"/>
      </object_component>
      <object_component id="oc-33">
         <name>.debug_line</name>
         <load_address>0xb89</load_address>
         <run_address>0xb89</run_address>
         <size>0x3a</size>
         <input_file_ref idref="fl-12d"/>
      </object_component>
      <object_component id="oc-73">
         <name>.debug_line</name>
         <load_address>0xbc3</load_address>
         <run_address>0xbc3</run_address>
         <size>0x6c</size>
         <input_file_ref idref="fl-12d"/>
      </object_component>
      <object_component id="oc-7e">
         <name>.debug_line</name>
         <load_address>0xc2f</load_address>
         <run_address>0xc2f</run_address>
         <size>0x6c</size>
         <input_file_ref idref="fl-12e"/>
      </object_component>
      <object_component id="oc-3a">
         <name>.debug_line</name>
         <load_address>0xc9b</load_address>
         <run_address>0xc9b</run_address>
         <size>0x98</size>
         <input_file_ref idref="fl-12e"/>
      </object_component>
      <object_component id="oc-19">
         <name>.debug_line</name>
         <load_address>0xd33</load_address>
         <run_address>0xd33</run_address>
         <size>0x4b</size>
         <input_file_ref idref="fl-12e"/>
      </object_component>
      <object_component id="oc-41">
         <name>.debug_line</name>
         <load_address>0xd7e</load_address>
         <run_address>0xd7e</run_address>
         <size>0x39</size>
         <input_file_ref idref="fl-12e"/>
      </object_component>
      <object_component id="oc-82">
         <name>.debug_line</name>
         <load_address>0xdb7</load_address>
         <run_address>0xdb7</run_address>
         <size>0x6c</size>
         <input_file_ref idref="fl-12e"/>
      </object_component>
      <object_component id="oc-86">
         <name>.debug_line</name>
         <load_address>0xe23</load_address>
         <run_address>0xe23</run_address>
         <size>0x6c</size>
         <input_file_ref idref="fl-12f"/>
      </object_component>
      <object_component id="oc-20">
         <name>.debug_line</name>
         <load_address>0xe8f</load_address>
         <run_address>0xe8f</run_address>
         <size>0x4f</size>
         <input_file_ref idref="fl-12f"/>
      </object_component>
      <object_component id="oc-4c">
         <name>.debug_line</name>
         <load_address>0xede</load_address>
         <run_address>0xede</run_address>
         <size>0x34</size>
         <input_file_ref idref="fl-12f"/>
      </object_component>
      <object_component id="oc-f7">
         <name>.debug_line</name>
         <load_address>0xf12</load_address>
         <run_address>0xf12</run_address>
         <size>0x6b</size>
         <input_file_ref idref="fl-130"/>
      </object_component>
      <object_component id="oc-f5">
         <name>.debug_line</name>
         <load_address>0xf7d</load_address>
         <run_address>0xf7d</run_address>
         <size>0x2a</size>
         <input_file_ref idref="fl-130"/>
      </object_component>
      <object_component id="oc-66">
         <name>.debug_line</name>
         <load_address>0xfa7</load_address>
         <run_address>0xfa7</run_address>
         <size>0x7a</size>
         <input_file_ref idref="fl-130"/>
      </object_component>
      <object_component id="oc-2c">
         <name>.debug_line</name>
         <load_address>0x1021</load_address>
         <run_address>0x1021</run_address>
         <size>0x88</size>
         <input_file_ref idref="fl-131"/>
      </object_component>
      <object_component id="oc-260">
         <name>.debug_line</name>
         <load_address>0x10a9</load_address>
         <run_address>0x10a9</run_address>
         <size>0x6c</size>
         <input_file_ref idref="fl-132"/>
      </object_component>
      <object_component id="oc-175">
         <name>.debug_line</name>
         <load_address>0x1115</load_address>
         <run_address>0x1115</run_address>
         <size>0x54</size>
         <input_file_ref idref="fl-132"/>
      </object_component>
      <object_component id="oc-a4">
         <name>.debug_line</name>
         <load_address>0x1169</load_address>
         <run_address>0x1169</run_address>
         <size>0xc3</size>
[...]
         <value>0x20007954</value>
      </symbol>
      <symbol id="sm-5">
         <name>binit</name>
         <value>0xffffffff</value>
      </symbol>
      <symbol id="sm-6">
         <name>__binit__</name>
         <value>0xffffffff</value>
      </symbol>
      <symbol id="sm-7">
         <name>__STACK_SIZE</name>
         <value>0x512</value>
      </symbol>
      <symbol id="sm-8">
         <name>__STACK_END</name>
         <value>0x2002fffe</value>
      </symbol>
      <symbol id="sm-9">
         <name>__SYSMEM_SIZE</name>
         <value>0x8</value>
      </symbol>
      <symbol id="sm-a">
         <name>__c_args__</name>
         <value>0xffffffff</value>
      </symbol>
      <symbol id="sm-78">
         <name>InitDisplay</name>
         <value>0x20005631</value>
         <object_component_ref idref="oc-db"/>
      </symbol>
      <symbol id="sm-79">
         <name>Reset</name>
         <value>0x20005175</value>
         <object_component_ref idref="oc-db"/>
      </symbol>
      <symbol id="sm-7a">
         <name>Flood</name>
         <value>0x200053c9</value>
         <object_component_ref idref="oc-db"/>
      </symbol>
      <symbol id="sm-7b">
         <name>setAddrWindow</name>
         <value>0x200052c9</value>
         <object_component_ref idref="oc-db"/>
      </symbol>
      <symbol id="sm-7c">
         <name>Debug</name>
         <value>0x200050a9</value>
         <object_component_ref idref="oc-db"/>
      </symbol>
      <symbol id="sm-7d">
         <name>setLR</name>
         <value>0x200051d9</value>
         <object_component_ref idref="oc-db"/>
      </symbol>
      <symbol id="sm-7e">
         <name>DrawPixel</name>
         <value>0x2000531b</value>
         <object_component_ref idref="oc-db"/>
      </symbol>
      <symbol id="sm-7f">
         <name>WriteRegister32</name>
         <value>0x200050d9</value>
         <object_component_ref idref="oc-db"/>
      </symbol>
      <symbol id="sm-91">
         <name>main</name>
         <value>0x20007237</value>
         <object_component_ref idref="oc-90"/>
      </symbol>
      <symbol id="sm-9f">
         <name>PinMuxConfig</name>
         <value>0x200061bd</value>
         <object_component_ref idref="oc-cf"/>
      </symbol>
      <symbol id="sm-dd">
         <name>GetCmd</name>
         <value>0x20005c13</value>
         <object_component_ref idref="oc-d5"/>
      </symbol>
      <symbol id="sm-de">
         <name>Message</name>
         <value>0x20005baf</value>
         <object_component_ref idref="oc-d5"/>
      </symbol>
      <symbol id="sm-df">
         <name>Report</name>
         <value>0x20005d51</value>
         <object_component_ref idref="oc-d5"/>
      </symbol>
      <symbol id="sm-e0">
         <name>Error</name>
         <value>0x20005bdb</value>
         <object_component_ref idref="oc-d5"/>
      </symbol>
      <symbol id="sm-e1">
         <name>InitTerm</name>
         <value>0x20005b91</value>
         <object_component_ref idref="oc-d5"/>
      </symbol>
      <symbol id="sm-e2">
         <name>ClearTerm</name>
         <value>0x20005bd1</value>
         <object_component_ref idref="oc-d5"/>
      </symbol>
      <symbol id="sm-e3">
         <name>TrimSpace</name>
         <value>0x20005cb9</value>
         <object_component_ref idref="oc-d5"/>
      </symbol>
      <symbol id="sm-f3">
         <name>_c_int00</name>
         <value>0x2000717d</value>
         <object_component_ref idref="oc-21"/>
      </symbol>
      <symbol id="sm-f4">
         <name>__stack</name>
         <value>0x2002faec</value>
         <object_component_ref idref="oc-26"/>
      </symbol>
      <symbol id="sm-10b">
         <name>__TI_decompress_none</name>
         <value>0x20007551</value>
         <object_component_ref idref="oc-f"/>
      </symbol>
      <symbol id="sm-133">
         <name>__TI_decompress_rle24</name>
         <value>0x2000757b</value>
         <object_component_ref idref="oc-15"/>
      </symbol>
      <symbol id="sm-145">
         <name>__TI_zero_init</name>
         <value>0x2000755f</value>
         <object_component_ref idref="oc-1b"/>
      </symbol>
      <symbol id="sm-164">
         <name>C$$EXIT</name>
         <value>0x2000707d</value>
         <object_component_ref idref="oc-61"/>
      </symbol>
      <symbol id="sm-165">
         <name>abort</name>
         <value>0x20007081</value>
         <object_component_ref idref="oc-61"/>
      </symbol>
      <symbol id="sm-166">
         <name>exit</name>
         <value>0x20007089</value>
         <object_component_ref idref="oc-61"/>
      </symbol>
      <symbol id="sm-167">
         <name>__TI_dtors_ptr</name>
         <value>0x20017148</value>
         <object_component_ref idref="oc-9b"/>
      </symbol>
      <symbol id="sm-168">
         <name>__TI_cleanup_ptr</name>
         <value>0x20017144</value>
         <object_component_ref idref="oc-9b"/>
      </symbol>
      <symbol id="sm-183">
         <name>memcpy</name>
         <value>0x2000692d</value>
         <object_component_ref idref="oc-2a"/>
      </symbol>
      <symbol id="sm-184">
         <name>__aeabi_memcpy</name>
         <value>0x2000692d</value>
         <object_component_ref idref="oc-2a"/>
      </symbol>
      <symbol id="sm-185">
         <name>__aeabi_memcpy8</name>
         <value>0x2000692d</value>
         <object_component_ref idref="oc-2a"/>
      </symbol>
      <symbol id="sm-186">
         <name>__aeabi_memcpy4</name>
         <value>0x2000692d</value>
         <object_component_ref idref="oc-2a"/>
      </symbol>
      <symbol id="sm-196">
         <name>memmove</name>
         <value>0x200073e9</value>
         <object_component_ref idref="oc-171"/>
      </symbol>
      <symbol id="sm-20d">
         <name>_sys_memory</name>
         <value>0x20017160</value>
         <object_component_ref idref="oc-27"/>
      </symbol>
      <symbol id="sm-20e">
         <name>free</name>
         <value>0x200058ab</value>
         <object_component_ref idref="oc-177"/>
      </symbol>
      <symbol id="sm-20f">
         <name>realloc</name>
         <value>0x2000596d</value>
         <object_component_ref idref="oc-177"/>
      </symbol>
      <symbol id="sm-210">
         <name>memalign</name>
         <value>0x20005a79</value>
         <object_component_ref idref="oc-177"/>
      </symbol>
      <symbol id="sm-211">
         <name>calloc</name>
         <value>0x20005b5d</value>
         <object_component_ref idref="oc-177"/>
      </symbol>
      <symbol id="sm-212">
         <name>malloc</name>
         <value>0x20005843</value>
         <object_component_ref idref="oc-177"/>
      </symbol>
      <symbol id="sm-213">
         <name>minit</name>
         <value>0x200057b5</value>
         <object_component_ref idref="oc-177"/>
      </symbol>
      <symbol id="sm-222">
         <name>__aeabi_memset</name>
         <value>0x20006c7b</value>
         <object_component_ref idref="oc-43"/>
      </symbol>
      <symbol id="sm-223">
         <name>memset</name>
         <value>0x20006c81</value>
         <object_component_ref idref="oc-43"/>
      </symbol>
      <symbol id="sm-224">
         <name>__aeabi_memset8</name>
         <value>0x20006c7b</value>
         <object_component_ref idref="oc-43"/>
      </symbol>
      <symbol id="sm-225">
         <name>__aeabi_memset4</name>
         <value>0x20006c7b</value>
         <object_component_ref idref="oc-43"/>
      </symbol>
      <symbol id="sm-226">
         <name>__aeabi_memclr8</name>
         <value>0x20006c79</value>
         <object_component_ref idref="oc-43"/>
      </symbol>
      <symbol id="sm-227">
         <name>__aeabi_memclr4</name>
         <value>0x20006c79</value>
         <object_component_ref idref="oc-43"/>
      </symbol>
      <symbol id="sm-228">
         <name>__aeabi_memclr</name>
         <value>0x20006c79</value>
         <object_component_ref idref="oc-43"/>
      </symbol>
      <symbol id="sm-232">
         <name>_system_pre_init</name>
         <value>0x20007581</value>
         <object_component_ref idref="oc-4f"/>
      </symbol>
      <symbol id="sm-23a">
         <name>main_func_sp</name>
         <value>0x20017158</value>
         <object_component_ref idref="oc-67"/>
      </symbol>
      <symbol id="sm-248">
         <name>strlen</name>
         <value>0x2000753d</value>
         <object_component_ref idref="oc-16b"/>
      </symbol>
      <symbol id="sm-269">
         <name>vsnprintf</name>
         <value>0x20006ae5</value>
         <object_component_ref idref="oc-159"/>
      </symbol>
      <symbol id="sm-282">
         <name>_nop</name>
         <value>0x20007537</value>
         <object_component_ref idref="oc-ea"/>
      </symbol>
      <symbol id="sm-283">
         <name>_lock</name>
         <value>0x2001713c</value>
         <object_component_ref idref="oc-98"/>
      </symbol>
      <symbol id="sm-284">
         <name>_unlock</name>
         <value>0x20017140</value>
         <object_component_ref idref="oc-98"/>
      </symbol>
      <symbol id="sm-285">
         <name>_register_lock</name>
         <value>0x2000752f</value>
         <object_component_ref idref="oc-ea"/>
      </symbol>
      <symbol id="sm-286">
         <name>_register_unlock</name>
         <value>0x20007529</value>
         <object_component_ref idref="oc-ea"/>
      </symbol>
      <symbol id="sm-38b">
         <name>__TI_printfi</name>
         <value>0x20004da1</value>
         <object_component_ref idref="oc-1c4"/>
      </symbol>
      <symbol id="sm-3a0">
         <name>_args_main</name>
         <value>0x200074b9</value>
         <object_component_ref idref="oc-5b"/>
      </symbol>
      <symbol id="sm-3b6">
         <name>atoi</name>
         <value>0x20006f55</value>
         <object_component_ref idref="oc-249"/>
      </symbol>
      <symbol id="sm-3dc">
         <name>__TI_auto_init</name>
         <value>0x20006d69</value>
         <object_component_ref idref="oc-55"/>
      </symbol>
      <symbol id="sm-3f6">
         <name>copy_in</name>
         <value>0x20006fa1</value>
         <object_component_ref idref="oc-88"/>
      </symbol>
      <symbol id="sm-401">
         <name>_ctypes_</name>
         <value>0x20007584</value>
         <object_component_ref idref="oc-28c"/>
      </symbol>
      <symbol id="sm-425">
         <name>__aeabi_dsub</name>
         <value>0x20006005</value>
         <object_component_ref idref="oc-226"/>
      </symbol>
      <symbol id="sm-426">
         <name>__aeabi_dadd</name>
         <value>0x2000600f</value>
         <object_component_ref idref="oc-226"/>
      </symbol>
      <symbol id="sm-44d">
         <name>__aeabi_cdcmpeq</name>
         <value>0x20006b6d</value>
         <object_component_ref idref="oc-202"/>
      </symbol>
      <symbol id="sm-44e">
         <name>__aeabi_cdcmple</name>
         <value>0x20006b6d</value>
         <object_component_ref idref="oc-202"/>
      </symbol>
      <symbol id="sm-44f">
         <name>__aeabi_cdrcmple</name>
         <value>0x20006bf3</value>
         <object_component_ref idref="oc-211"/>
      </symbol>
      <symbol id="sm-46f">
         <name>__aeabi_ddiv</name>
         <value>0x2000634d</value>
         <object_component_ref idref="oc-20c"/>
      </symbol>
      <symbol id="sm-486">
         <name>__aeabi_dmul</name>
         <value>0x200066c9</value>
         <object_component_ref idref="oc-207"/>
      </symbol>
      <symbol id="sm-494">
         <name>__aeabi_d2iz</name>
         <value>0x20006fed</value>
         <object_component_ref idref="oc-216"/>
      </symbol>
      <symbol id="sm-4a1">
         <name>frexp</name>
         <value>0x2000740d</value>
         <object_component_ref idref="oc-22b"/>
      </symbol>
      <symbol id="sm-4ad">
         <name>__aeabi_i2d</name>
         <value>0x200072e9</value>
         <object_component_ref idref="oc-221"/>
      </symbol>
      <symbol id="sm-4be">
         <name>ldexp</name>
         <value>0x20007035</value>
         <object_component_ref idref="oc-231"/>
      </symbol>
      <symbol id="sm-4cd">
         <name>ltoa</name>
         <value>0x20006efd</value>
         <object_component_ref idref="oc-21b"/>
      </symbol>
      <symbol id="sm-4dd">
         <name>memccpy</name>
         <value>0x20007469</value>
         <object_component_ref idref="oc-243"/>
      </symbol>
      <symbol id="sm-4ed">
         <name>strchr</name>
         <value>0x200074fd</value>
         <object_component_ref idref="oc-237"/>
      </symbol>
      <symbol id="sm-517">
         <name>__aeabi_uldivmod</name>
         <value>0x20005e11</value>
         <object_component_ref idref="oc-1fd"/>
      </symbol>
      <symbol id="sm-525">
         <name>_Dclass</name>
         <value>0x20007371</value>
         <object_component_ref idref="oc-23d"/>
      </symbol>
      <symbol id="sm-546">
         <name>_Dscale</name>
         <value>0x200065b9</value>
         <object_component_ref idref="oc-278"/>
      </symbol>
      <symbol id="sm-55a">
         <name>_Dunscale</name>
         <value>0x20006e3f</value>
         <object_component_ref idref="oc-270"/>
      </symbol>
      <symbol id="sm-569">
         <name>_Feraise</name>
         <value>0x200072b9</value>
         <object_component_ref idref="oc-27e"/>
      </symbol>
      <symbol id="sm-579">
         <name>_Rteps</name>
         <value>0x20017110</value>
         <object_component_ref idref="oc-2a6"/>
      </symbol>
      <symbol id="sm-57a">
         <name>_Zero</name>
         <value>0x20017128</value>
         <object_component_ref idref="oc-2a6"/>
      </symbol>
      <symbol id="sm-57b">
         <name>_Hugeval</name>
         <value>0x200170d0</value>
         <object_component_ref idref="oc-2a6"/>
      </symbol>
      <symbol id="sm-57c">
         <name>_Snan</name>
         <value>0x20017100</value>
         <object_component_ref idref="oc-2a6"/>
      </symbol>
      <symbol id="sm-57d">
         <name>_Nan</name>
         <value>0x200170f0</value>
         <object_component_ref idref="oc-2a6"/>
      </symbol>
      <symbol id="sm-57e">
         <name>_Inf</name>
         <value>0x200170e0</value>
         <object_component_ref idref="oc-2a6"/>
      </symbol>
      <symbol id="sm-57f">
         <name>_Xbig</name>
         <value>0x20017120</value>
         <object_component_ref idref="oc-2a6"/>
      </symbol>
      <symbol id="sm-580">
         <name>_Eps</name>
         <value>0x200170c0</value>
         <object_component_ref idref="oc-2a6"/>
      </symbol>
      <symbol id="sm-581">
         <name>_Denorm</name>
         <value>0x200170b0</value>
         <object_component_ref idref="oc-2a6"/>
      </symbol>
      <symbol id="sm-589">
         <name>_Errno</name>
         <value>0x20017154</value>
         <object_component_ref idref="oc-2b1"/>
      </symbol>
      <symbol id="sm-5a7">
         <name>feraiseexcept</name>
         <value>0x200071f1</value>
         <object_component_ref idref="oc-2ab"/>
      </symbol>
      <symbol id="sm-5a8">
         <name>_Tls_setup__Fenv</name>
         <value>0x20017150</value>
         <object_component_ref idref="oc-2d5"/>
      </symbol>
      <symbol id="sm-5a9">
         <name>_Fenv</name>
         <value>0x2001714c</value>
         <object_component_ref idref="oc-2d5"/>
      </symbol>
      <symbol id="sm-5bd">
         <name>raise</name>
         <value>0x20007317</value>
         <object_component_ref idref="oc-2cf"/>
      </symbol>
      <symbol id="sm-5d7">
         <name>signal</name>
         <value>0x20007101</value>
         <object_component_ref idref="oc-2df"/>
      </symbol>
      <symbol id="sm-5ec">
         <name>_Dnorm</name>
         <value>0x200067c5</value>
         <object_component_ref idref="oc-29c"/>
      </symbol>
      <symbol id="sm-5f8">
         <name>GPIODirModeSet</name>
         <value>0x200071b9</value>
         <object_component_ref idref="oc-13a"/>
      </symbol>
      <symbol id="sm-625">
         <name>IntEnable</name>
         <value>0x20006885</value>
         <object_component_ref idref="oc-c3"/>
      </symbol>
      <symbol id="sm-626">
         <name>IntMasterEnable</name>
         <value>0x2000756b</value>
         <object_component_ref idref="oc-bd"/>
      </symbol>
      <symbol id="sm-65d">
         <name>PinTypeUART</name>
         <value>0x20007485</value>
         <object_component_ref idref="oc-140"/>
      </symbol>
      <symbol id="sm-65e">
         <name>PinTypeGPIO</name>
         <value>0x20007257</value>
         <object_component_ref idref="oc-134"/>
      </symbol>
      <symbol id="sm-65f">
         <name>PinConfigSet</name>
         <value>0x20006a5d</value>
         <object_component_ref idref="oc-1a6"/>
      </symbol>
      <symbol id="sm-660">
         <name>PinModeSet</name>
         <value>0x200070c1</value>
         <object_component_ref idref="oc-1ac"/>
      </symbol>
      <symbol id="sm-6e2">
         <name>PRCMPeripheralReset</name>
         <value>0x20006ea5</value>
         <object_component_ref idref="oc-121"/>
      </symbol>
      <symbol id="sm-6e3">
         <name>PRCMPeripheralClkEnable</name>
         <value>0x20007141</value>
         <object_component_ref idref="oc-11b"/>
      </symbol>
      <symbol id="sm-6e4">
         <name>PRCMPeripheralClockGet</name>
         <value>0x200069c9</value>
         <object_component_ref idref="oc-147"/>
      </symbol>
      <symbol id="sm-6e5">
         <name>PRCMCC3200MCUInit</name>
         <value>0x20006485</value>
         <object_component_ref idref="oc-c9"/>
      </symbol>
      <symbol id="sm-6e6">
         <name>PRCMHIBRegWrite</name>
         <value>0x200074e7</value>
         <object_component_ref idref="oc-115"/>
      </symbol>
      <symbol id="sm-6e7">
         <name>PRCMSysResetCauseGet</name>
         <value>0x20007345</value>
         <object_component_ref idref="oc-12d"/>
      </symbol>
      <symbol id="sm-6e8">
         <name>PRCMPeripheralClkDisable</name>
         <value>0x2000739d</value>
         <object_component_ref idref="oc-127"/>
      </symbol>
      <symbol id="sm-6e9">
         <name>PRCMHIBRegRead</name>
         <value>0x200074d1</value>
         <object_component_ref idref="oc-10f"/>
      </symbol>
      <symbol id="sm-725">
         <name>UARTConfigSetExpClk</name>
         <value>0x20006cf3</value>
         <object_component_ref idref="oc-14d"/>
      </symbol>
      <symbol id="sm-726">
         <name>UARTDisable</name>
         <value>0x20007289</value>
         <object_component_ref idref="oc-1b6"/>
      </symbol>
      <symbol id="sm-727">
         <name>UARTCharsAvail</name>
         <value>0x2000749f</value>
         <object_component_ref idref="oc-15f"/>
      </symbol>
      <symbol id="sm-728">
         <name>UARTCharGetNonBlocking</name>
         <value>0x2000744d</value>
         <object_component_ref idref="oc-165"/>
      </symbol>
      <symbol id="sm-729">
         <name>UARTCharPut</name>
         <value>0x2000742f</value>
         <object_component_ref idref="oc-153"/>
      </symbol>
      <symbol id="sm-72a">
         <name>UARTEnable</name>
         <value>0x200073c5</value>
         <object_component_ref idref="oc-1bc"/>
      </symbol>
      <symbol id="sm-72e">
         <name>UtilsDelay</name>
         <value>0x20007575</value>
         <object_component_ref idref="oc-e1"/>
      </symbol>
      <symbol id="sm-738">
         <name>CPUcpsie</name>
         <value>0x20007513</value>
         <object_component_ref idref="oc-ff"/>
      </symbol>
      <symbol id="sm-73a">
         <name>__TI_static_base__</name>
         <value>0x200078f8</value>
      </symbol>
      <symbol id="sm-73d">
         <name>SHT$$INIT_ARRAY$$Limit</name>
         <value>0x0</value>
      </symbol>
      <symbol id="sm-73e">
         <name>SHT$$INIT_ARRAY$$Base</name>
         <value>0x0</value>
      </symbol>
   </symbol_table>
   <title>Link successful</title>
</link_info>
